bash-3.2$ 
bash-3.2$ # === PURGE + PREP ===
bash-3.2$ echo "ðŸ§¹ PURGING session + history artifacts..."
ðŸ§¹ PURGING session + history artifacts...
bash-3.2$ rm -rf "$USER_HOME/.zsh_sessions" "$SESSION_DIR" "$USER_HOME/.bash_sessions" "$USER_HOME/.history" "$USER_HOME/.python_history" "$USER_HOME/.sqlite_his tory" 2>/dev/null || true
bash-3.2$ mkdir -p "$SESSION_DIR"
bash-3.2$ touch "$SESSION_DIR/${UUID}.historynew"
bash-3.2$ chmod 700 "$SESSION_DIR"
bash-3.2$ 
bash-3.2$ # === PATCH .zshrc ===
bash-3.2$ echo "ðŸ§  PATCHING .zshrc..."
ðŸ§  PATCHING .zshrc...
bash-3.2$ sed -i '' '/zsh_sessions/d' "$USER_HOME/.zshrc" "$USER_HOME/.zprofile" 2>/dev/null || true
bash-3.2$ cat <<EOF >> "$USER_HOME/.zshrc"
> 
> # ðŸŒŒ TOTALITY AI PATCH
> export HISTFILE="\$HOME/.sessions/zsh_history"
> export HISTSIZE=10000
> export SAVEHIST=10000
> export LANG="en_US.UTF-8"
> export LC_ALL="en_US.UTF-8"
> export TOTALITY_AI_RUNTIME="online"
> mkdir -p "\$HOME/.sessions" 2>/dev/null
> touch "\$HOME/.sessions/\$(uuidgen).historynew" 2>/dev/null
> EOF
bash-3.2$ 
bash-3.2$ # === CREATE RUNTIME ===
bash-3.2$ echo "ðŸ“ CREATING RUNTIME DIRS..."
ðŸ“ CREATING RUNTIME DIRS...
bash-3.2$ mkdir -p "$RUNTIME/AI_MODELS" "$RUNTIME/agents" "$RUNTIME/mirrors"
bash-3.2$ touch "$RUNTIME/.notarized_by_TOTALITY_$(date +%Y%m%d_%H%M%S)"
bash-3.2$ 
bash-3.2$ # === COPY MODELS IF EXIST ===
bash-3.2$ echo "ðŸ“¥ COPYING SYMBOLIC EXPORTS..."
ðŸ“¥ COPYING SYMBOLIC EXPORTS...
bash-3.2$ cp -R "$USER_HOME/symbolic-agi-export/"* "$RUNTIME/AI_MODELS" 2>/dev/null || true
bash-3.2$ 
bash-3.2$ # === INIT GIT ===
bash-3.2$ echo "ðŸŒ INITIALIZING GIT + IPFS..."
ðŸŒ INITIALIZING GIT + IPFS...
bash-3.2$ cd "$RUNTIME"
bash-3.2$ git init
Reinitialized existing Git repository in /Volumes/AXSWARM_SSD/TOTALITY_FINAL/.git/
bash-3.2$ git remote add origin "$GIT_REMOTE" || true
error: remote origin already exists.
bash-3.2$ git add .
bash-3.2$ git commit -m "ðŸš€ TOTALITY INIT $(date '+%F_%T')" || true
[main 96918dc] ðŸš€ TOTALITY INIT 2025-08-02_19:37:36
 5 files changed, 251 insertions(+)
 create mode 100644 .notarized_by_TOTALITY_20250802_193736
 create mode 100755 launch_totality_final.sh
 create mode 100644 logs/bootstrap_F038F2AE-4FFE-4C7A-92B5-B5CC35A69E68.log
 create mode 100644 logs/ipfs_cid.log
bash-3.2$ git branch -M main || true
bash-3.2$ git push -f origin main || echo "âš ï¸ GitHub repo not found. Please create it manually."
remote: Repository not found.
fatal: repository 'https://github.com/GerhardtInstitute/TOTALITY_FINAL.git/' not found
âš ï¸ GitHub repo not found. Please create it manually.
bash-3.2$ 
bash-3.2$ ipfs add -r "$RUNTIME" > "$LOGDIR/ipfs_cid.log" || true
 47 B / ? [-----------------------------------------------------------------------------------------------------=----------------------------------------------] [2K 47 B / ? [-----------------------------------------------------------------------------------------------------=----------------------------------------------]  18.90 KiB / ? [----------------------------------------------------------------------------------=------------------------------------------------------------] [2K 18.90 KiB / ? [----------------------------------------------------------------------------------=------------------------------------------------------------]  50.46 KiB / ? [-------------------=---------------------------------------------------------------------------------------------------------------------------] [2K 50.46 KiB / ? [-------------------=---------------------------------------------------------------------------------------------------------------------------]  74.74 KiB / ? [----------------------------------------------------------------------=------------------------------------------------------------------------] [2K 74.74 KiB / ? [----------------------------------------------------------------------=------------------------------------------------------------------------]  75.97 KiB / ? [---------------------------------------------------------------------------------------------------------------=-------------------------------] [2K 75.97 KiB / ? [---------------------------------------------------------------------------------------------------------------=-------------------------------]  80.30 KiB / ? [------------------------------------------------------------------------------------------------------------------------------------------=----] [2K 80.30 KiB / ? [------------------------------------------------------------------------------------------------------------------------------------------=----]  80.35 KiB / ? [-------------------------------------------------------------------------------------------=---------------------------------------------------] [2K 80.35 KiB / ? [-------------------------------------------------------------------------------------------=---------------------------------------------------]  80.40 KiB / ? [-------------------------------------=---------------------------------------------------------------------------------------------------------] [2K 80.40 KiB / ? [-------------------------------------=---------------------------------------------------------------------------------------------------------]  140.19 KiB / ? [-------------------=--------------------------------------------------------------------------------------------------------------------------] [2K 140.19 KiB / ? [-------------------=--------------------------------------------------------------------------------------------------------------------------]  140.23 KiB / ? [---------------------------------------------------------------------------------------------------------------------------=------------------] [2K 140.23 KiB / ? [---------------------------------------------------------------------------------------------------------------------------=------------------]  140.32 KiB / ? [-------------------------=--------------------------------------------------------------------------------------------------------------------] [2K 140.32 KiB / ? [-------------------------=--------------------------------------------------------------------------------------------------------------------]  140.34 KiB / ? [-------=--------------------------------------------------------------------------------------------------------------------------------------] [2K 140.34 KiB / ? [-------=--------------------------------------------------------------------------------------------------------------------------------------]  140.35 KiB / ? [----------------------------------------------------------------------------------------------------------------------------------------------=][2K 140.35 KiB / ? [----------------------------------------------------------------------------------------------------------------------------------------------=] 140.35 KiB / ? [-----------------------------------------------------------------------------------------------------------------------------------------=----] [2K 140.35 KiB / ? [-----------------------------------------------------------------------------------------------------------------------------------------=----]  140.41 KiB / ? [------------------------------------------------------------------------------=---------------------------------------------------------------] [2K 140.41 KiB / ? [------------------------------------------------------------------------------=---------------------------------------------------------------]  140.60 KiB / 166.49 KiB [==========================================================================================================>-------------------]  84.45%[2K 140.60 KiB / 166.49 KiB [==========================================================================================================>-------------------]  84.45% 140.76 KiB / 166.49 KiB [==========================================================================================================>-------------------]  84.55%[2K 140.76 KiB / 166.49 KiB [==========================================================================================================>-------------------]  84.55% 140.93 KiB / 166.49 KiB [==========================================================================================================>-------------------]  84.65%[2K 140.93 KiB / 166.49 KiB [==========================================================================================================>-------------------]  84.65% 141.11 KiB / 166.49 KiB [==========================================================================================================>-------------------]  84.76%[2K 141.11 KiB / 166.49 KiB [==========================================================================================================>-------------------]  84.76% 156.82 KiB / 166.49 KiB [======================================================================================================================>-------]  94.19%[2K 156.82 KiB / 166.49 KiB [======================================================================================================================>-------]  94.19% 157.79 KiB / 166.49 KiB [=======================================================================================================================>------]  94.78%[2K 157.79 KiB / 166.49 KiB [=======================================================================================================================>------]  94.78% 164.90 KiB / 166.49 KiB [============================================================================================================================>-]  99.04%[2K 164.90 KiB / 166.49 KiB [============================================================================================================================>-]  99.04% 166.49 KiB / 166.49 KiB [==============================================================================================================================] 100.00%[2K 166.49 KiB / 166.49 KiB [==============================================================================================================================] 100.00%[2K 166.49 KiB / 166.49 KiB [==============================================================================================================================] 100.00%[2K 166.49 KiB / 166.49 KiB [==============================================================================================================================] 100.00%[2K 166.49 KiB / 166.49 KiB [==============================================================================================================================] 100.00%[2K 166.49 KiB / 166.49 KiB [==============================================================================================================================] 100.00%[2K 166.49 KiB / 166.49 KiB [==============================================================================================================================] 100.00%[2K 166.49 KiB / 166.49 KiB [==============================================================================================================================] 100.00%[2K 166.49 KiB / 166.49 KiB [==============================================================================================================================] 100.00%[2K 166.49 KiB / 166.49 KiB [==============================================================================================================================] 100.00%[2K 166.49 KiB / 166.49 KiB [==============================================================================================================================] 100.00%[2K 166.49 KiB / 166.49 KiB [==============================================================================================================================] 100.00%[2K 166.49 KiB / 166.49 KiB [==============================================================================================================================] 100.00%bash-3.2$ 
bash-3.2$ # === AGENTS ===
bash-3.2$ echo "ðŸ§  CREATING AGENT SCRIPTS..."
ðŸ§  CREATING AGENT SCRIPTS...
bash-3.2$ cat <<'NEO4J' > "$RUNTIME/agents/neo4j_ingest.sh"
> #!/bin/bash
> docker run -d --name neo4j -p 7474:7474 -p 7687:7687 -e NEO4J_AUTH=neo4j/test -v neo4j_data:/data neo4j:5.18
> NEO4J
bash-3.2$ 
bash-3.2$ cat <<'AI_TERM' > "$RUNTIME/agents/ai_terminal.sh"
> #!/bin/bash
> echo "ðŸ‘â€ðŸ—¨ TOTALITY AI TERMINAL ONLINE"
> # placeholder for symbolic runtime shell
> AI_TERM
bash-3.2$ 
bash-3.2$ cat <<'LANGGRAPH' > "$RUNTIME/agents/langgraph_sentry.sh"
> #!/bin/bash
> echo "ðŸ“¡ LangGraph Sentry Activated"
> # placeholder for LangGraph swarm runner
> LANGGRAPH
bash-3.2$ 
bash-3.2$ chmod +x "$RUNTIME/agents/"*.sh
bash-3.2$ 
bash-3.2$ # === LAUNCHER ===
bash-3.2$ cat <<EOF > "$RUNTIME/launch_totality_final.sh"
> #!/bin/bash
> cd "$RUNTIME"
> source ~/.zshrc
> echo "ðŸš€ LAUNCHING TOTALITY âˆž"
> ./agents/neo4j_ingest.sh
> ./agents/ai_terminal.sh
> ./agents/langgraph_sentry.sh
> EOF
bash-3.2$ 
bash-3.2$ chmod +x "$RUNTIME/launch_totality_final.sh"
bash-3.2$ 
bash-3.2$ # === EXECUTE ===
bash-3.2$ echo "âš™ï¸ BOOTSTRAP COMPLETE â€” EXECUTING RUNTIME"
âš™ï¸ BOOTSTRAP COMPLETE â€” EXECUTING RUNTIME
bash-3.2$ exec zsh
usage: mkdir [-pv] [-m mode] directory_name ...
]7;file://Dannys-MacBook-Pro.local/Volumes/AXSWARM_SSD/TOTALITY_FINALðŸ§¹ Cleaning shell artifacts...
ðŸ§  Patching .zshrc...
ðŸ” Creating TOTALITY runtime directory...
ðŸ“¥ Copying symbolic exports (if present)...
ðŸš€ Pushing to GitHub + IPFS...
Reinitialized existing Git repository in /Volumes/AXSWARM_SSD/TOTALITY_FINAL/.git/
[main 8dbd992] ðŸš€ TOTALITY INIT 2025-08-02_19:38:22
 5 files changed, 75 insertions(+), 5 deletions(-)
 create mode 100644 .notarized_by_TOTALITY_20250802_193821
 create mode 100644 logs/bootstrap_BC815545-B743-40A3-83B4-37F18FF97F37.log
remote: Repository not found.
fatal: repository 'https://github.com/GerhardtInstitute/TOTALITY_FINAL.git/' not found
 47 B / ? [-----------------------------------------------------------------------------------------------------=----------------------------------------------] [2K 47 B / 172.13 KiB [>-----------------------------------------------------------------------------------------------------------------------------------]   0.03% 18.90 KiB / 172.13 KiB [=============>-----------------------------------------------------------------------------------------------------------------]  10.98%[2K 18.90 KiB / 172.13 KiB [=============>-----------------------------------------------------------------------------------------------------------------]  10.98% 50.46 KiB / 172.13 KiB [=====================================>-----------------------------------------------------------------------------------------]  29.32%[2K 50.46 KiB / 172.13 KiB [=====================================>-----------------------------------------------------------------------------------------]  29.32% 74.74 KiB / 172.13 KiB [=======================================================>-----------------------------------------------------------------------]  43.42%[2K 74.74 KiB / 172.13 KiB [=======================================================>-----------------------------------------------------------------------]  43.42% 75.97 KiB / 172.13 KiB [========================================================>----------------------------------------------------------------------]  44.13%[2K 75.97 KiB / 172.13 KiB [========================================================>----------------------------------------------------------------------]  44.13% 80.30 KiB / 172.13 KiB [===========================================================>-------------------------------------------------------------------]  46.65%[2K 80.30 KiB / 172.13 KiB [===========================================================>-------------------------------------------------------------------]  46.65% 80.35 KiB / 172.13 KiB [===========================================================>-------------------------------------------------------------------]  46.68%[2K 80.35 KiB / 172.13 KiB [===========================================================>-------------------------------------------------------------------]  46.68% 80.40 KiB / 172.13 KiB [===========================================================>-------------------------------------------------------------------]  46.71%[2K 80.40 KiB / 172.13 KiB [===========================================================>-------------------------------------------------------------------]  46.71% 140.19 KiB / 172.13 KiB [======================================================================================================>-----------------------]  81.44%[2K 140.19 KiB / 172.13 KiB [======================================================================================================>-----------------------]  81.44% 140.23 KiB / 172.13 KiB [======================================================================================================>-----------------------]  81.47%[2K 140.23 KiB / 172.13 KiB [======================================================================================================>-----------------------]  81.47% 140.32 KiB / 172.13 KiB [======================================================================================================>-----------------------]  81.52%[2K 140.32 KiB / 172.13 KiB [======================================================================================================>-----------------------]  81.52% 140.34 KiB / 172.13 KiB [======================================================================================================>-----------------------]  81.53%[2K 140.34 KiB / 172.13 KiB [======================================================================================================>-----------------------]  81.53% 140.35 KiB / 172.13 KiB [======================================================================================================>-----------------------]  81.54%[2K 140.35 KiB / 172.13 KiB [======================================================================================================>-----------------------]  81.54% 140.35 KiB / 172.13 KiB [======================================================================================================>-----------------------]  81.54%[2K 140.35 KiB / 172.13 KiB [======================================================================================================>-----------------------]  81.54% 140.41 KiB / 172.13 KiB [======================================================================================================>-----------------------]  81.57%[2K 140.41 KiB / 172.13 KiB [======================================================================================================>-----------------------]  81.57% 140.60 KiB / 172.13 KiB [======================================================================================================>-----------------------]  81.69%[2K 140.60 KiB / 172.13 KiB [======================================================================================================>-----------------------]  81.69% 140.76 KiB / 172.13 KiB [=======================================================================================================>----------------------]  81.78%[2K 140.76 KiB / 172.13 KiB [=======================================================================================================>----------------------]  81.78% 140.93 KiB / 172.13 KiB [=======================================================================================================>----------------------]  81.87%[2K 140.93 KiB / 172.13 KiB [=======================================================================================================>----------------------]  81.87% 141.11 KiB / 172.13 KiB [=======================================================================================================>----------------------]  81.98%[2K 141.11 KiB / 172.13 KiB [=======================================================================================================>----------------------]  81.98% 141.71 KiB / 172.13 KiB [=======================================================================================================>----------------------]  82.33%[2K 141.71 KiB / 172.13 KiB [=======================================================================================================>----------------------]  82.33% 157.42 KiB / 172.13 KiB [===================================================================================================================>----------]  91.45%[2K 157.42 KiB / 172.13 KiB [===================================================================================================================>----------]  91.45% 158.40 KiB / 172.13 KiB [===================================================================================================================>----------]  92.02%[2K 158.40 KiB / 172.13 KiB [===================================================================================================================>----------]  92.02% 172.13 KiB / 172.13 KiB [==============================================================================================================================] 100.00%[2K 172.13 KiB / 172.13 KiB [==============================================================================================================================] 100.00% 172.13 KiB / 172.13 KiB [==============================================================================================================================] 100.00%[2K 172.13 KiB / 172.13 KiB [==============================================================================================================================] 100.00%[2K 172.13 KiB / 172.13 KiB [==============================================================================================================================] 100.00%[2K 172.13 KiB / 172.13 KiB [==============================================================================================================================] 100.00%[2K 172.13 KiB / 172.13 KiB [==============================================================================================================================] 100.00%[2K 172.13 KiB / 172.13 KiB [==============================================================================================================================] 100.00%[2K 172.13 KiB / 172.13 KiB [==============================================================================================================================] 100.00%[2K 172.13 KiB / 172.13 KiB [==============================================================================================================================] 100.00%[2K 172.13 KiB / 172.13 KiB [==============================================================================================================================] 100.00%[2K 172.13 KiB / 172.13 KiB [==============================================================================================================================] 100.00%[2K 172.13 KiB / 172.13 KiB [==============================================================================================================================] 100.00%[2K 172.13 KiB / 172.13 KiB [==============================================================================================================================] 100.00%[2K 172.13 KiB / 172.13 KiB [==============================================================================================================================] 100.00%ðŸš€ EXECUTING TOTALITY AI SHELL...
usage: mkdir [-pv] [-m mode] directory_name ...
]7;file://Dannys-MacBook-Pro.local/Volumes/AXSWARM_SSD/TOTALITY_FINALzsh: command not found: #
Reinitialized existing Git repository in /Volumes/AXSWARM_SSD/TOTALITY_FINAL/.git/
zsh: command not found: #
error: remote origin already exists.
zsh: command not found: #
[main 2e06f48] ðŸ§¬ TOTALITY âˆž RUNTIME INITIALIZED â€” Sat Aug  2 19:39:31 EDT 2025
 5 files changed, 34 insertions(+), 6 deletions(-)
remote: Repository not found.
fatal: repository 'https://github.com/GerhardtInstitute/TOTALITY_FINAL.git/' not found
]7;file://Dannys-MacBook-Pro.local/Volumes/AXSWARM_SSD/TOTALITY_FINAL