bash-3.2$ 
bash-3.2$ # === PURGE + PREP ===
bash-3.2$ echo "üßπ PURGING session + history artifacts..."
üßπ PURGING session + history artifacts...
bash-3.2$ rm -rf "$USER_HOME/.zsh_sessions" "$SESSION_DIR" "$USER_HOME/.bash_sessions" "$USER_HOME/.history" "$USER_HOME/.python_history" "$USER_HOME/.sqlite_his tory" 2>/dev/null || true
bash-3.2$ mkdir -p "$SESSION_DIR"
bash-3.2$ touch "$SESSION_DIR/${UUID}.historynew"
bash-3.2$ chmod 700 "$SESSION_DIR"
bash-3.2$ 
bash-3.2$ # === PATCH .zshrc ===
bash-3.2$ echo "üß† PATCHING .zshrc..."
üß† PATCHING .zshrc...
bash-3.2$ sed -i '' '/zsh_sessions/d' "$USER_HOME/.zshrc" "$USER_HOME/.zprofile" 2>/dev/null || true
bash-3.2$ cat <<EOF >> "$USER_HOME/.zshrc"
> 
> # üåå TOTALITY AI PATCH
> export HISTFILE="\$HOME/.sessions/zsh_history"
> export HISTSIZE=10000
> export SAVEHIST=10000
> export LANG="en_US.UTF-8"
> export LC_ALL="en_US.UTF-8"
> export TOTALITY_AI_RUNTIME="online"
> mkdir -p "\$HOME/.sessions" 2>/dev/null
> touch "\$HOME/.sessions/\$(uuidgen).historynew" 2>/dev/null
> EOF
bash-3.2$ 
bash-3.2$ # === CREATE RUNTIME ===
bash-3.2$ echo "üìÅ CREATING RUNTIME DIRS..."
üìÅ CREATING RUNTIME DIRS...
bash-3.2$ mkdir -p "$RUNTIME/AI_MODELS" "$RUNTIME/agents" "$RUNTIME/mirrors"
bash-3.2$ touch "$RUNTIME/.notarized_by_TOTALITY_$(date +%Y%m%d_%H%M%S)"
bash-3.2$ 
bash-3.2$ # === COPY MODELS IF EXIST ===
bash-3.2$ echo "üì• COPYING SYMBOLIC EXPORTS..."
üì• COPYING SYMBOLIC EXPORTS...
bash-3.2$ cp -R "$USER_HOME/symbolic-agi-export/"* "$RUNTIME/AI_MODELS" 2>/dev/null || true
bash-3.2$ 
bash-3.2$ # === INIT GIT ===
bash-3.2$ echo "üåê INITIALIZING GIT + IPFS..."
üåê INITIALIZING GIT + IPFS...
bash-3.2$ cd "$RUNTIME"
bash-3.2$ git init
Reinitialized existing Git repository in /Volumes/AXSWARM_SSD/TOTALITY_FINAL/.git/
bash-3.2$ git remote add origin "$GIT_REMOTE" || true
error: remote origin already exists.
bash-3.2$ git add .
bash-3.2$ git commit -m "üöÄ TOTALITY INIT $(date '+%F_%T')" || true
[main 96918dc] üöÄ TOTALITY INIT 2025-08-02_19:37:36
 5 files changed, 251 insertions(+)
 create mode 100644 .notarized_by_TOTALITY_20250802_193736
 create mode 100755 launch_totality_final.sh
 create mode 100644 logs/bootstrap_F038F2AE-4FFE-4C7A-92B5-B5CC35A69E68.log
 create mode 100644 logs/ipfs_cid.log
bash-3.2$ git branch -M main || true
bash-3.2$ git push -f origin main || echo "‚ö†Ô∏è GitHub repo not found. Please create it manually."
remote: Repository not found.
fatal: repository 'https://github.com/GerhardtInstitute/TOTALITY_FINAL.git/' not found
‚ö†Ô∏è GitHub repo not found. Please create it manually.
bash-3.2$ 
bash-3.2$ ipfs add -r "$RUNTIME" > "$LOGDIR/ipfs_cid.log" || true
 47 B / ? [-----------------------------------------------------------------------------------------------------=----------------------------------------------] [2K 47 B / ? [-----------------------------------------------------------------------------------------------------=----------------------------------------------]  18.90 KiB / ? [----------------------------------------------------------------------------------=------------------------------------------------------------] [2K 18.90 KiB / ? [----------------------------------------------------------------------------------=------------------------------------------------------------]  50.46 KiB / ? [-------------------=---------------------------------------------------------------------------------------------------------------------------] [2K 50.46 KiB / ? [-------------------=---------------------------------------------------------------------------------------------------------------------------]  74.74 KiB / ? [----------------------------------------------------------------------=------------------------------------------------------------------------] [2K 74.74 KiB / ? [----------------------------------------------------------------------=------------------------------------------------------------------------]  75.97 KiB / ? [---------------------------------------------------------------------------------------------------------------=-------------------------------] [2K 75.97 KiB / ? [---------------------------------------------------------------------------------------------------------------=-------------------------------]  80.30 KiB / ? [------------------------------------------------------------------------------------------------------------------------------------------=----] [2K 80.30 KiB / ? [------------------------------------------------------------------------------------------------------------------------------------------=----]  80.35 KiB / ? [-------------------------------------------------------------------------------------------=---------------------------------------------------] [2K 80.35 KiB / ? [-------------------------------------------------------------------------------------------=---------------------------------------------------]  80.40 KiB / ? [-------------------------------------=---------------------------------------------------------------------------------------------------------] [2K 80.40 KiB / ? [-------------------------------------=---------------------------------------------------------------------------------------------------------]  140.19 KiB / ? [-------------------=--------------------------------------------------------------------------------------------------------------------------] [2K 140.19 KiB / ? [-------------------=--------------------------------------------------------------------------------------------------------------------------]  140.23 KiB / ? [---------------------------------------------------------------------------------------------------------------------------=------------------] [2K 140.23 KiB / ? [---------------------------------------------------------------------------------------------------------------------------=------------------]  140.32 KiB / ? [-------------------------=--------------------------------------------------------------------------------------------------------------------] [2K 140.32 KiB / ? [-------------------------=--------------------------------------------------------------------------------------------------------------------]  140.34 KiB / ? [-------=--------------------------------------------------------------------------------------------------------------------------------------] [2K 140.34 KiB / ? [-------=--------------------------------------------------------------------------------------------------------------------------------------]  140.35 KiB / ? [----------------------------------------------------------------------------------------------------------------------------------------------=][2K 140.35 KiB / ? [----------------------------------------------------------------------------------------------------------------------------------------------=] 140.35 KiB / ? [-----------------------------------------------------------------------------------------------------------------------------------------=----] [2K 140.35 KiB / ? [-----------------------------------------------------------------------------------------------------------------------------------------=----]  140.41 KiB / ? [------------------------------------------------------------------------------=---------------------------------------------------------------] [2K 140.41 KiB / ? [------------------------------------------------------------------------------=---------------------------------------------------------------]  140.60 KiB / 166.49 KiB [==========================================================================================================>-------------------]  84.45%[2K 140.60 KiB / 166.49 KiB [==========================================================================================================>-------------------]  84.45% 140.76 KiB / 166.49 KiB [==========================================================================================================>-------------------]  84.55%[2K 140.76 KiB / 166.49 KiB [==========================================================================================================>-------------------]  84.55% 140.93 KiB / 166.49 KiB [==========================================================================================================>-------------------]  84.65%[2K 140.93 KiB / 166.49 KiB [==========================================================================================================>-------------------]  84.65% 141.11 KiB / 166.49 KiB [==========================================================================================================>-------------------]  84.76%[2K 141.11 KiB / 166.49 KiB [==========================================================================================================>-------------------]  84.76% 156.82 KiB / 166.49 KiB [======================================================================================================================>-------]  94.19%[2K 156.82 KiB / 166.49 KiB [======================================================================================================================>-------]  94.19% 157.79 KiB / 166.49 KiB [=======================================================================================================================>------]  94.78%[2K 157.79 KiB / 166.49 KiB [=======================================================================================================================>------]  94.78% 164.90 KiB / 166.49 KiB [============================================================================================================================>-]  99.04%[2K 164.90 KiB / 166.49 KiB [============================================================================================================================>-]  99.04% 166.49 KiB / 166.49 KiB [==============================================================================================================================] 100.00%[2K 166.49 KiB / 166.49 KiB [==============================================================================================================================] 100.00%[2K 166.49 KiB / 166.49 KiB [==============================================================================================================================] 100.00%[2K 166.49 KiB / 166.49 KiB [==============================================================================================================================] 100.00%[2K 166.49 KiB / 166.49 KiB [==============================================================================================================================] 100.00%[2K 166.49 KiB / 166.49 KiB [==============================================================================================================================] 100.00%[2K 166.49 KiB / 166.49 KiB [==============================================================================================================================] 100.00%[2K 166.49 KiB / 166.49 KiB [==============================================================================================================================] 100.00%[2K 166.49 KiB / 166.49 KiB [==============================================================================================================================] 100.00%[2K 166.49 KiB / 166.49 KiB [==============================================================================================================================] 100.00%[2K 166.49 KiB / 166.49 KiB [==============================================================================================================================] 100.00%[2K 166.49 KiB / 166.49 KiB [==============================================================================================================================] 100.00%[2K 166.49 KiB / 166.49 KiB [==============================================================================================================================] 100.00%bash-3.2$ 
bash-3.2$ # === AGENTS ===
bash-3.2$ echo "üß† CREATING AGENT SCRIPTS..."
üß† CREATING AGENT SCRIPTS...
bash-3.2$ cat <<'NEO4J' > "$RUNTIME/agents/neo4j_ingest.sh"
> #!/bin/bash
> docker run -d --name neo4j -p 7474:7474 -p 7687:7687 -e NEO4J_AUTH=neo4j/test -v neo4j_data:/data neo4j:5.18
> NEO4J
bash-3.2$ 
bash-3.2$ cat <<'AI_TERM' > "$RUNTIME/agents/ai_terminal.sh"
> #!/bin/bash
> echo "üëÅ‚Äçüó® TOTALITY AI TERMINAL ONLINE"
> # placeholder for symbolic runtime shell
> AI_TERM
bash-3.2$ 
bash-3.2$ cat <<'LANGGRAPH' > "$RUNTIME/agents/langgraph_sentry.sh"
> #!/bin/bash
> echo "üì° LangGraph Sentry Activated"
> # placeholder for LangGraph swarm runner
> LANGGRAPH
bash-3.2$ 
bash-3.2$ chmod +x "$RUNTIME/agents/"*.sh
bash-3.2$ 
bash-3.2$ # === LAUNCHER ===
bash-3.2$ cat <<EOF > "$RUNTIME/launch_totality_final.sh"
> #!/bin/bash
> cd "$RUNTIME"
> source ~/.zshrc
> echo "üöÄ LAUNCHING TOTALITY ‚àû"
> ./agents/neo4j_ingest.sh
> ./agents/ai_terminal.sh
> ./agents/langgraph_sentry.sh
> EOF
bash-3.2$ 
bash-3.2$ chmod +x "$RUNTIME/launch_totality_final.sh"
bash-3.2$ 
bash-3.2$ # === EXECUTE ===
bash-3.2$ echo "‚öôÔ∏è BOOTSTRAP COMPLETE ‚Äî EXECUTING RUNTIME"
‚öôÔ∏è BOOTSTRAP COMPLETE ‚Äî EXECUTING RUNTIME
bash-3.2$ exec zsh
usage: mkdir [-pv] [-m mode] directory_name ...
]7;file://Dannys-MacBook-Pro.local/Volumes/AXSWARM_SSD/TOTALITY_FINALüßπ Cleaning shell artifacts...
üß† Patching .zshrc...
üîÅ Creating TOTALITY runtime directory...
üì• Copying symbolic exports (if present)...
üöÄ Pushing to GitHub + IPFS...
Reinitialized existing Git repository in /Volumes/AXSWARM_SSD/TOTALITY_FINAL/.git/
